// Jest Snapshot v1, https://goo.gl/fbAQLP

exports[`Root App matches the snapshot saved 1`] = `
<BrowserRouter>
  <Router />
</BrowserRouter>
`;
